// Jest Snapshot v1, https://goo.gl/fbAQLP

exports[`Repos component renders Repos 1`] = `
<ul>
  <UserRepo
    html_url="https://github.com/asiamorozova/random-twitter"
    id={233723653}
    key="233723653"
    name="random-twitter"
  />
  <UserRepo
    html_url="https://github.com/asiamorozova/cursed-banana"
    id={236626883}
    key="236626883"
    name="cursed-banana"
  />
</ul>
`;
