// Jest Snapshot v1, https://goo.gl/fbAQLP

exports[`User matches a snapshot 1`] = `
<figure>
  <img
    alt="asiamorozova"
    src="https://avatars0.githubusercontent.com/u/57855398?v=4"
  />
  <figcaption>
    <p>
      asiamorozova
    </p>
    <p>
      Followers:
      1
    </p>
    <p>
      Following:
      1
    </p>
    <p>
      https://github.com/asiamorozova
    </p>
  </figcaption>
</figure>
`;
